-- Using Conan toolchain: /mnt/c/Users/vahag/workdir/projects/post-graduate/source/cpp-abi-extension/build/linux/Debug/generators/conan_toolchain.cmake
-- Conan toolchain: Defining architecture flag: -m64
-- Conan toolchain: Adding glibcxx compile definition: _GLIBCXX_USE_CXX11_ABI=0
-- Conan toolchain: C++ Standard 20 with extensions OFF
-- The C compiler identification is GNU 11.4.0
-- The CXX compiler identification is GNU 11.4.0
-- Detecting C compiler ABI info
-- Detecting C compiler ABI info - done
-- Check for working C compiler: /usr/bin/cc - skipped
-- Detecting C compile features
-- Detecting C compile features - done
-- Detecting CXX compiler ABI info
-- Detecting CXX compiler ABI info - done
-- Check for working CXX compiler: /usr/bin/c++ - skipped
-- Detecting CXX compile features
-- Detecting CXX compile features - done
-- ThreadSanitizer ENABLED — applying -fsanitize=thread globally
-- Conan: Component target declared 'fmt::fmt'
-- Conan: Target declared 'JsonCpp::JsonCpp'
-- Conan: Component target declared 'fmt::fmt'
-- Conan: Component target declared 'Boost::diagnostic_definitions'
-- Conan: Component target declared 'Boost::disable_autolinking'
-- Conan: Component target declared 'Boost::dynamic_linking'
-- Conan: Component target declared 'Boost::headers'
-- Conan: Component target declared 'Boost::boost'
-- Conan: Component target declared 'boost::_libboost'
-- Conan: Component target declared 'Boost::atomic'
-- Conan: Component target declared 'Boost::charconv'
-- Conan: Component target declared 'Boost::chrono'
-- Conan: Component target declared 'Boost::container'
-- Conan: Component target declared 'Boost::context'
-- Conan: Component target declared 'Boost::date_time'
-- Conan: Component target declared 'Boost::exception'
-- Conan: Component target declared 'Boost::math'
-- Conan: Component target declared 'Boost::program_options'
-- Conan: Component target declared 'Boost::random'
-- Conan: Component target declared 'Boost::regex'
-- Conan: Component target declared 'Boost::serialization'
-- Conan: Component target declared 'Boost::stacktrace'
-- Conan: Component target declared 'Boost::timer'
-- Conan: Component target declared 'Boost::url'
-- Conan: Component target declared 'Boost::cobalt'
-- Conan: Component target declared 'Boost::coroutine'
-- Conan: Component target declared 'Boost::filesystem'
-- Conan: Component target declared 'Boost::graph'
-- Conan: Component target declared 'Boost::iostreams'
-- Conan: Component target declared 'Boost::json'
-- Conan: Component target declared 'Boost::math_c99'
-- Conan: Component target declared 'Boost::math_c99f'
-- Conan: Component target declared 'Boost::math_c99l'
-- Conan: Component target declared 'Boost::math_tr1'
-- Conan: Component target declared 'Boost::math_tr1f'
-- Conan: Component target declared 'Boost::math_tr1l'
-- Conan: Component target declared 'Boost::stacktrace_addr2line'
-- Conan: Component target declared 'Boost::stacktrace_backtrace'
-- Conan: Component target declared 'Boost::stacktrace_basic'
-- Conan: Component target declared 'Boost::stacktrace_from_exception'
-- Conan: Component target declared 'Boost::stacktrace_noop'
-- Conan: Component target declared 'Boost::test'
-- Conan: Component target declared 'Boost::thread'
-- Conan: Component target declared 'Boost::wserialization'
-- Conan: Component target declared 'Boost::cobalt_io'
-- Conan: Component target declared 'Boost::contract'
-- Conan: Component target declared 'Boost::fiber'
-- Conan: Component target declared 'Boost::locale'
-- Conan: Component target declared 'Boost::log'
-- Conan: Component target declared 'Boost::nowide'
-- Conan: Component target declared 'Boost::prg_exec_monitor'
-- Conan: Component target declared 'Boost::process'
-- Conan: Component target declared 'Boost::test_exec_monitor'
-- Conan: Component target declared 'Boost::type_erasure'
-- Conan: Component target declared 'Boost::wave'
-- Conan: Component target declared 'Boost::fiber_numa'
-- Conan: Component target declared 'Boost::log_setup'
-- Conan: Component target declared 'Boost::unit_test_framework'
-- Conan: Target declared 'boost::boost'
-- Conan: Target declared 'BZip2::BZip2'
-- Conan: Including build module from '/home/vgishyan/.conan2/p/b/bzip2e770e53ddcacd/p/lib/cmake/conan-official-bzip2-variables.cmake'
-- Conan: Target declared 'libbacktrace::libbacktrace'
-- Conan: Target declared 'ZLIB::ZLIB'
-- Conan: Component target declared 'fmt::fmt'
-- Conan: Component target declared 'fmt::fmt'
-- Conan: Component target declared 'fmt::fmt'
-- Conan: Component target declared 'fmt::fmt'
-- Conan: Component target declared 'fmt::fmt'
-- Conan: Target declared 'JsonCpp::JsonCpp'
-- Conan: Component target declared 'fmt::fmt'
-- Conan: Component target declared 'Boost::diagnostic_definitions'
-- Conan: Component target declared 'Boost::disable_autolinking'
-- Conan: Component target declared 'Boost::dynamic_linking'
-- Conan: Component target declared 'Boost::headers'
-- Conan: Component target declared 'Boost::boost'
-- Conan: Component target declared 'boost::_libboost'
-- Conan: Component target declared 'Boost::atomic'
-- Conan: Component target declared 'Boost::charconv'
-- Conan: Component target declared 'Boost::chrono'
-- Conan: Component target declared 'Boost::container'
-- Conan: Component target declared 'Boost::context'
-- Conan: Component target declared 'Boost::date_time'
-- Conan: Component target declared 'Boost::exception'
-- Conan: Component target declared 'Boost::math'
-- Conan: Component target declared 'Boost::program_options'
-- Conan: Component target declared 'Boost::random'
-- Conan: Component target declared 'Boost::regex'
-- Conan: Component target declared 'Boost::serialization'
-- Conan: Component target declared 'Boost::stacktrace'
-- Conan: Component target declared 'Boost::timer'
-- Conan: Component target declared 'Boost::url'
-- Conan: Component target declared 'Boost::cobalt'
-- Conan: Component target declared 'Boost::coroutine'
-- Conan: Component target declared 'Boost::filesystem'
-- Conan: Component target declared 'Boost::graph'
-- Conan: Component target declared 'Boost::iostreams'
-- Conan: Component target declared 'Boost::json'
-- Conan: Component target declared 'Boost::math_c99'
-- Conan: Component target declared 'Boost::math_c99f'
-- Conan: Component target declared 'Boost::math_c99l'
-- Conan: Component target declared 'Boost::math_tr1'
-- Conan: Component target declared 'Boost::math_tr1f'
-- Conan: Component target declared 'Boost::math_tr1l'
-- Conan: Component target declared 'Boost::stacktrace_addr2line'
-- Conan: Component target declared 'Boost::stacktrace_backtrace'
-- Conan: Component target declared 'Boost::stacktrace_basic'
-- Conan: Component target declared 'Boost::stacktrace_from_exception'
-- Conan: Component target declared 'Boost::stacktrace_noop'
-- Conan: Component target declared 'Boost::test'
-- Conan: Component target declared 'Boost::thread'
-- Conan: Component target declared 'Boost::wserialization'
-- Conan: Component target declared 'Boost::cobalt_io'
-- Conan: Component target declared 'Boost::contract'
-- Conan: Component target declared 'Boost::fiber'
-- Conan: Component target declared 'Boost::locale'
-- Conan: Component target declared 'Boost::log'
-- Conan: Component target declared 'Boost::nowide'
-- Conan: Component target declared 'Boost::prg_exec_monitor'
-- Conan: Component target declared 'Boost::process'
-- Conan: Component target declared 'Boost::test_exec_monitor'
-- Conan: Component target declared 'Boost::type_erasure'
-- Conan: Component target declared 'Boost::wave'
-- Conan: Component target declared 'Boost::fiber_numa'
-- Conan: Component target declared 'Boost::log_setup'
-- Conan: Component target declared 'Boost::unit_test_framework'
-- Conan: Target declared 'boost::boost'
-- Conan: Target declared 'BZip2::BZip2'
-- Conan: Including build module from '/home/vgishyan/.conan2/p/b/bzip2e770e53ddcacd/p/lib/cmake/conan-official-bzip2-variables.cmake'
-- Conan: Target declared 'libbacktrace::libbacktrace'
-- Conan: Target declared 'ZLIB::ZLIB'
-- Conan: Component target declared 'fmt::fmt'
-- Conan: Component target declared 'fmt::fmt'
-- Conan: Component target declared 'fmt::fmt'
-- Conan: Target declared 'msgpack-cxx'
-- Conan: Component target declared 'Boost::diagnostic_definitions'
-- Conan: Component target declared 'Boost::disable_autolinking'
-- Conan: Component target declared 'Boost::dynamic_linking'
-- Conan: Component target declared 'Boost::headers'
-- Conan: Component target declared 'Boost::boost'
-- Conan: Component target declared 'boost::_libboost'
-- Conan: Component target declared 'Boost::atomic'
-- Conan: Component target declared 'Boost::charconv'
-- Conan: Component target declared 'Boost::chrono'
-- Conan: Component target declared 'Boost::container'
-- Conan: Component target declared 'Boost::context'
-- Conan: Component target declared 'Boost::date_time'
-- Conan: Component target declared 'Boost::exception'
-- Conan: Component target declared 'Boost::math'
-- Conan: Component target declared 'Boost::program_options'
-- Conan: Component target declared 'Boost::random'
-- Conan: Component target declared 'Boost::regex'
-- Conan: Component target declared 'Boost::serialization'
-- Conan: Component target declared 'Boost::stacktrace'
-- Conan: Component target declared 'Boost::timer'
-- Conan: Component target declared 'Boost::url'
-- Conan: Component target declared 'Boost::cobalt'
-- Conan: Component target declared 'Boost::coroutine'
-- Conan: Component target declared 'Boost::filesystem'
-- Conan: Component target declared 'Boost::graph'
-- Conan: Component target declared 'Boost::iostreams'
-- Conan: Component target declared 'Boost::json'
-- Conan: Component target declared 'Boost::math_c99'
-- Conan: Component target declared 'Boost::math_c99f'
-- Conan: Component target declared 'Boost::math_c99l'
-- Conan: Component target declared 'Boost::math_tr1'
-- Conan: Component target declared 'Boost::math_tr1f'
-- Conan: Component target declared 'Boost::math_tr1l'
-- Conan: Component target declared 'Boost::stacktrace_addr2line'
-- Conan: Component target declared 'Boost::stacktrace_backtrace'
-- Conan: Component target declared 'Boost::stacktrace_basic'
-- Conan: Component target declared 'Boost::stacktrace_from_exception'
-- Conan: Component target declared 'Boost::stacktrace_noop'
-- Conan: Component target declared 'Boost::test'
-- Conan: Component target declared 'Boost::thread'
-- Conan: Component target declared 'Boost::wserialization'
-- Conan: Component target declared 'Boost::cobalt_io'
-- Conan: Component target declared 'Boost::contract'
-- Conan: Component target declared 'Boost::fiber'
-- Conan: Component target declared 'Boost::locale'
-- Conan: Component target declared 'Boost::log'
-- Conan: Component target declared 'Boost::nowide'
-- Conan: Component target declared 'Boost::prg_exec_monitor'
-- Conan: Component target declared 'Boost::process'
-- Conan: Component target declared 'Boost::test_exec_monitor'
-- Conan: Component target declared 'Boost::type_erasure'
-- Conan: Component target declared 'Boost::wave'
-- Conan: Component target declared 'Boost::fiber_numa'
-- Conan: Component target declared 'Boost::log_setup'
-- Conan: Component target declared 'Boost::unit_test_framework'
-- Conan: Target declared 'boost::boost'
-- Conan: Target declared 'BZip2::BZip2'
-- Conan: Including build module from '/home/vgishyan/.conan2/p/b/bzip2e770e53ddcacd/p/lib/cmake/conan-official-bzip2-variables.cmake'
-- Conan: Target declared 'libbacktrace::libbacktrace'
-- Conan: Target declared 'ZLIB::ZLIB'
-- Conan: Component target declared 'fmt::fmt'
-- Conan: Target declared 'msgpack-cxx'
-- Conan: Component target declared 'Boost::diagnostic_definitions'
-- Conan: Component target declared 'Boost::disable_autolinking'
-- Conan: Component target declared 'Boost::dynamic_linking'
-- Conan: Component target declared 'Boost::headers'
-- Conan: Component target declared 'Boost::boost'
-- Conan: Component target declared 'boost::_libboost'
-- Conan: Component target declared 'Boost::atomic'
-- Conan: Component target declared 'Boost::charconv'
-- Conan: Component target declared 'Boost::chrono'
-- Conan: Component target declared 'Boost::container'
-- Conan: Component target declared 'Boost::context'
-- Conan: Component target declared 'Boost::date_time'
-- Conan: Component target declared 'Boost::exception'
-- Conan: Component target declared 'Boost::math'
-- Conan: Component target declared 'Boost::program_options'
-- Conan: Component target declared 'Boost::random'
-- Conan: Component target declared 'Boost::regex'
-- Conan: Component target declared 'Boost::serialization'
-- Conan: Component target declared 'Boost::stacktrace'
-- Conan: Component target declared 'Boost::timer'
-- Conan: Component target declared 'Boost::url'
-- Conan: Component target declared 'Boost::cobalt'
-- Conan: Component target declared 'Boost::coroutine'
-- Conan: Component target declared 'Boost::filesystem'
-- Conan: Component target declared 'Boost::graph'
-- Conan: Component target declared 'Boost::iostreams'
-- Conan: Component target declared 'Boost::json'
-- Conan: Component target declared 'Boost::math_c99'
-- Conan: Component target declared 'Boost::math_c99f'
-- Conan: Component target declared 'Boost::math_c99l'
-- Conan: Component target declared 'Boost::math_tr1'
-- Conan: Component target declared 'Boost::math_tr1f'
-- Conan: Component target declared 'Boost::math_tr1l'
-- Conan: Component target declared 'Boost::stacktrace_addr2line'
-- Conan: Component target declared 'Boost::stacktrace_backtrace'
-- Conan: Component target declared 'Boost::stacktrace_basic'
-- Conan: Component target declared 'Boost::stacktrace_from_exception'
-- Conan: Component target declared 'Boost::stacktrace_noop'
-- Conan: Component target declared 'Boost::test'
-- Conan: Component target declared 'Boost::thread'
-- Conan: Component target declared 'Boost::wserialization'
-- Conan: Component target declared 'Boost::cobalt_io'
-- Conan: Component target declared 'Boost::contract'
-- Conan: Component target declared 'Boost::fiber'
-- Conan: Component target declared 'Boost::locale'
-- Conan: Component target declared 'Boost::log'
-- Conan: Component target declared 'Boost::nowide'
-- Conan: Component target declared 'Boost::prg_exec_monitor'
-- Conan: Component target declared 'Boost::process'
-- Conan: Component target declared 'Boost::test_exec_monitor'
-- Conan: Component target declared 'Boost::type_erasure'
-- Conan: Component target declared 'Boost::wave'
-- Conan: Component target declared 'Boost::fiber_numa'
-- Conan: Component target declared 'Boost::log_setup'
-- Conan: Component target declared 'Boost::unit_test_framework'
-- Conan: Target declared 'boost::boost'
-- Conan: Target declared 'BZip2::BZip2'
-- Conan: Including build module from '/home/vgishyan/.conan2/p/b/bzip2e770e53ddcacd/p/lib/cmake/conan-official-bzip2-variables.cmake'
-- Conan: Target declared 'libbacktrace::libbacktrace'
-- Conan: Target declared 'ZLIB::ZLIB'
-- Conan: Component target declared 'Arrow::arrow_static'
-- Conan: Component target declared 'Parquet::parquet_static'
-- Conan: Target declared 'arrow::arrow'
-- Conan: Component target declared 'thrift::thrift'
-- Conan: Component target declared 'thriftz::thriftz'
-- Conan: Component target declared 'thriftnb::thriftnb'
-- Conan: Target declared 'thrift::thrift-conan-do-not-use'
-- Conan: Component target declared 'libevent::core'
-- Conan: Component target declared 'libevent::extra'
-- Conan: Component target declared 'libevent::openssl'
-- Conan: Component target declared 'libevent::pthreads'
-- Conan: Target declared 'libevent::libevent'
-- Conan: Component target declared 'OpenSSL::Crypto'
-- Conan: Component target declared 'OpenSSL::SSL'
-- Conan: Target declared 'openssl::openssl'
-- Conan: Including build module from '/home/vgishyan/.conan2/p/b/opens7323764063c7e/p/lib/cmake/conan-official-openssl-variables.cmake'
-- Conan: Target declared 'mimalloc-static'
-- Conan: Component target declared 'fmt::fmt'
-- Conan: Component target declared 'fmt::fmt'
-- Conan: Component target declared 'fmt::fmt'
-- Conan: Component target declared 'fmt::fmt'
-- Conan: Component target declared 'fmt::fmt'
-- Conan: Component target declared 'fmt::fmt'
-- Conan: Component target declared 'GTest::gtest'
-- Conan: Component target declared 'GTest::gtest_main'
-- Conan: Component target declared 'GTest::gmock'
-- Conan: Component target declared 'GTest::gmock_main'
-- Conan: Target declared 'gtest::gtest'
-- Configuring done
-- Generating done
-- Build files have been written to: /mnt/c/Users/vahag/workdir/projects/post-graduate/source/cpp-abi-extension/build/linux/Debug-TSAN-validate
