==81259== Memcheck, a memory error detector
==81259== Copyright (C) 2002-2017, and GNU GPL'd, by Julian Seward et al.
==81259== Using Valgrind-3.18.1 and LibVEX; rerun with -h for copyright info
==81259== Command: ./bin/linux/Debug/run-all-tests --gtest_filter=MsmConcurrent.*
==81259== Parent PID: 81257
==81259== 
==81259== 
==81259== HEAP SUMMARY:
==81259==     in use at exit: 280,733,877 bytes in 52,528 blocks
==81259==   total heap usage: 83,646 allocs, 31,118 frees, 348,581,907 bytes allocated
==81259== 
==81259== 8 bytes in 1 blocks are indirectly lost in loss record 1 of 18
==81259==    at 0x4848899: malloc (in /usr/libexec/valgrind/vgpreload_memcheck-amd64-linux.so)
==81259==    by 0x48644F4: msm_object_set_int32 (msm_allocator.cpp:806)
==81259==    by 0x147BE0: MsmConcurrent_ObjectMarkerRemoveNoStaleReads_Test::TestBody() (test_concurrent.cpp:329)
==81259==    by 0x1995D8: void testing::internal::HandleSehExceptionsInMethodIfSupported<testing::Test, void>(testing::Test*, void (testing::Test::*)(), char const*) (gtest.cc:2638)
==81259==    by 0x1908C0: void testing::internal::HandleExceptionsInMethodIfSupported<testing::Test, void>(testing::Test*, void (testing::Test::*)(), char const*) (gtest.cc:2674)
==81259==    by 0x169DB7: testing::Test::Run() (gtest.cc:2713)
==81259==    by 0x16A7E4: testing::TestInfo::Run() (gtest.cc:2859)
==81259==    by 0x16B152: testing::TestSuite::Run() (gtest.cc:3037)
==81259==    by 0x17A9E2: testing::internal::UnitTestImpl::RunAllTests() (gtest.cc:5967)
==81259==    by 0x19A6C1: bool testing::internal::HandleSehExceptionsInMethodIfSupported<testing::internal::UnitTestImpl, bool>(testing::internal::UnitTestImpl*, bool (testing::internal::UnitTestImpl::*)(), char const*) (gtest.cc:2638)
==81259==    by 0x191D84: bool testing::internal::HandleExceptionsInMethodIfSupported<testing::internal::UnitTestImpl, bool>(testing::internal::UnitTestImpl*, bool (testing::internal::UnitTestImpl::*)(), char const*) (gtest.cc:2674)
==81259==    by 0x179095: testing::UnitTest::Run() (gtest.cc:5546)
==81259== 
==81259== 8 bytes in 1 blocks are indirectly lost in loss record 2 of 18
==81259==    at 0x4848899: malloc (in /usr/libexec/valgrind/vgpreload_memcheck-amd64-linux.so)
==81259==    by 0x48644F4: msm_object_set_int32 (msm_allocator.cpp:806)
==81259==    by 0x147BFE: MsmConcurrent_ObjectMarkerRemoveNoStaleReads_Test::TestBody() (test_concurrent.cpp:330)
==81259==    by 0x1995D8: void testing::internal::HandleSehExceptionsInMethodIfSupported<testing::Test, void>(testing::Test*, void (testing::Test::*)(), char const*) (gtest.cc:2638)
==81259==    by 0x1908C0: void testing::internal::HandleExceptionsInMethodIfSupported<testing::Test, void>(testing::Test*, void (testing::Test::*)(), char const*) (gtest.cc:2674)
==81259==    by 0x169DB7: testing::Test::Run() (gtest.cc:2713)
==81259==    by 0x16A7E4: testing::TestInfo::Run() (gtest.cc:2859)
==81259==    by 0x16B152: testing::TestSuite::Run() (gtest.cc:3037)
==81259==    by 0x17A9E2: testing::internal::UnitTestImpl::RunAllTests() (gtest.cc:5967)
==81259==    by 0x19A6C1: bool testing::internal::HandleSehExceptionsInMethodIfSupported<testing::internal::UnitTestImpl, bool>(testing::internal::UnitTestImpl*, bool (testing::internal::UnitTestImpl::*)(), char const*) (gtest.cc:2638)
==81259==    by 0x191D84: bool testing::internal::HandleExceptionsInMethodIfSupported<testing::internal::UnitTestImpl, bool>(testing::internal::UnitTestImpl*, bool (testing::internal::UnitTestImpl::*)(), char const*) (gtest.cc:2674)
==81259==    by 0x179095: testing::UnitTest::Run() (gtest.cc:5546)
==81259== 
==81259== 8 bytes in 1 blocks are indirectly lost in loss record 3 of 18
==81259==    at 0x4848899: malloc (in /usr/libexec/valgrind/vgpreload_memcheck-amd64-linux.so)
==81259==    by 0x48644F4: msm_object_set_int32 (msm_allocator.cpp:806)
==81259==    by 0x147C1C: MsmConcurrent_ObjectMarkerRemoveNoStaleReads_Test::TestBody() (test_concurrent.cpp:331)
==81259==    by 0x1995D8: void testing::internal::HandleSehExceptionsInMethodIfSupported<testing::Test, void>(testing::Test*, void (testing::Test::*)(), char const*) (gtest.cc:2638)
==81259==    by 0x1908C0: void testing::internal::HandleExceptionsInMethodIfSupported<testing::Test, void>(testing::Test*, void (testing::Test::*)(), char const*) (gtest.cc:2674)
==81259==    by 0x169DB7: testing::Test::Run() (gtest.cc:2713)
==81259==    by 0x16A7E4: testing::TestInfo::Run() (gtest.cc:2859)
==81259==    by 0x16B152: testing::TestSuite::Run() (gtest.cc:3037)
==81259==    by 0x17A9E2: testing::internal::UnitTestImpl::RunAllTests() (gtest.cc:5967)
==81259==    by 0x19A6C1: bool testing::internal::HandleSehExceptionsInMethodIfSupported<testing::internal::UnitTestImpl, bool>(testing::internal::UnitTestImpl*, bool (testing::internal::UnitTestImpl::*)(), char const*) (gtest.cc:2638)
==81259==    by 0x191D84: bool testing::internal::HandleExceptionsInMethodIfSupported<testing::internal::UnitTestImpl, bool>(testing::internal::UnitTestImpl*, bool (testing::internal::UnitTestImpl::*)(), char const*) (gtest.cc:2674)
==81259==    by 0x179095: testing::UnitTest::Run() (gtest.cc:5546)
==81259== 
==81259== 112 (104 direct, 8 indirect) bytes in 1 blocks are definitely lost in loss record 4 of 18
==81259==    at 0x4848899: malloc (in /usr/libexec/valgrind/vgpreload_memcheck-amd64-linux.so)
==81259==    by 0x4864139: object_add_entry (msm_allocator.cpp:697)
==81259==    by 0x486448E: msm_object_set_int32 (msm_allocator.cpp:798)
==81259==    by 0x147BE0: MsmConcurrent_ObjectMarkerRemoveNoStaleReads_Test::TestBody() (test_concurrent.cpp:329)
==81259==    by 0x1995D8: void testing::internal::HandleSehExceptionsInMethodIfSupported<testing::Test, void>(testing::Test*, void (testing::Test::*)(), char const*) (gtest.cc:2638)
==81259==    by 0x1908C0: void testing::internal::HandleExceptionsInMethodIfSupported<testing::Test, void>(testing::Test*, void (testing::Test::*)(), char const*) (gtest.cc:2674)
==81259==    by 0x169DB7: testing::Test::Run() (gtest.cc:2713)
==81259==    by 0x16A7E4: testing::TestInfo::Run() (gtest.cc:2859)
==81259==    by 0x16B152: testing::TestSuite::Run() (gtest.cc:3037)
==81259==    by 0x17A9E2: testing::internal::UnitTestImpl::RunAllTests() (gtest.cc:5967)
==81259==    by 0x19A6C1: bool testing::internal::HandleSehExceptionsInMethodIfSupported<testing::internal::UnitTestImpl, bool>(testing::internal::UnitTestImpl*, bool (testing::internal::UnitTestImpl::*)(), char const*) (gtest.cc:2638)
==81259==    by 0x191D84: bool testing::internal::HandleExceptionsInMethodIfSupported<testing::internal::UnitTestImpl, bool>(testing::internal::UnitTestImpl*, bool (testing::internal::UnitTestImpl::*)(), char const*) (gtest.cc:2674)
==81259== 
==81259== 808 bytes in 101 blocks are indirectly lost in loss record 5 of 18
==81259==    at 0x4848899: malloc (in /usr/libexec/valgrind/vgpreload_memcheck-amd64-linux.so)
==81259==    by 0x48644F4: msm_object_set_int32 (msm_allocator.cpp:806)
==81259==    by 0x147165: MsmConcurrent_ObjectAddRemoveNoTornRead_Test::TestBody()::{lambda()#1}::operator()() const (test_concurrent.cpp:266)
==81259==    by 0x14BD1A: void std::__invoke_impl<void, MsmConcurrent_ObjectAddRemoveNoTornRead_Test::TestBody()::{lambda()#1}>(std::__invoke_other, MsmConcurrent_ObjectAddRemoveNoTornRead_Test::TestBody()::{lambda()#1}&&) (invoke.h:61)
==81259==    by 0x14BA14: std::__invoke_result<MsmConcurrent_ObjectAddRemoveNoTornRead_Test::TestBody()::{lambda()#1}>::type std::__invoke<MsmConcurrent_ObjectAddRemoveNoTornRead_Test::TestBody()::{lambda()#1}>(MsmConcurrent_ObjectAddRemoveNoTornRead_Test::TestBody()::{lambda()#1}&&) (invoke.h:96)
==81259==    by 0x14B74B: void std::thread::_Invoker<std::tuple<MsmConcurrent_ObjectAddRemoveNoTornRead_Test::TestBody()::{lambda()#1}> >::_M_invoke<0ul>(std::_Index_tuple<0ul>) (std_thread.h:259)
==81259==    by 0x14B5C3: std::thread::_Invoker<std::tuple<MsmConcurrent_ObjectAddRemoveNoTornRead_Test::TestBody()::{lambda()#1}> >::operator()() (std_thread.h:266)
==81259==    by 0x14B493: std::thread::_State_impl<std::thread::_Invoker<std::tuple<MsmConcurrent_ObjectAddRemoveNoTornRead_Test::TestBody()::{lambda()#1}> > >::_M_run() (std_thread.h:211)
==81259==    by 0x4954252: ??? (in /usr/lib/x86_64-linux-gnu/libstdc++.so.6.0.30)
==81259==    by 0x4C41AC2: start_thread (pthread_create.c:442)
==81259==    by 0x4CD2A83: clone (clone.S:100)
==81259== 
==81259== 1,009 bytes in 1 blocks are definitely lost in loss record 6 of 18
==81259==    at 0x4848899: malloc (in /usr/libexec/valgrind/vgpreload_memcheck-amd64-linux.so)
==81259==    by 0x4863DC1: msm_string_set (msm_allocator.cpp:479)
==81259==    by 0x146BDC: MsmConcurrent_StringShrinkGrowNoTornRead_Test::TestBody() (test_concurrent.cpp:172)
==81259==    by 0x1995D8: void testing::internal::HandleSehExceptionsInMethodIfSupported<testing::Test, void>(testing::Test*, void (testing::Test::*)(), char const*) (gtest.cc:2638)
==81259==    by 0x1908C0: void testing::internal::HandleExceptionsInMethodIfSupported<testing::Test, void>(testing::Test*, void (testing::Test::*)(), char const*) (gtest.cc:2674)
==81259==    by 0x169DB7: testing::Test::Run() (gtest.cc:2713)
==81259==    by 0x16A7E4: testing::TestInfo::Run() (gtest.cc:2859)
==81259==    by 0x16B152: testing::TestSuite::Run() (gtest.cc:3037)
==81259==    by 0x17A9E2: testing::internal::UnitTestImpl::RunAllTests() (gtest.cc:5967)
==81259==    by 0x19A6C1: bool testing::internal::HandleSehExceptionsInMethodIfSupported<testing::internal::UnitTestImpl, bool>(testing::internal::UnitTestImpl*, bool (testing::internal::UnitTestImpl::*)(), char const*) (gtest.cc:2638)
==81259==    by 0x191D84: bool testing::internal::HandleExceptionsInMethodIfSupported<testing::internal::UnitTestImpl, bool>(testing::internal::UnitTestImpl*, bool (testing::internal::UnitTestImpl::*)(), char const*) (gtest.cc:2674)
==81259==    by 0x179095: testing::UnitTest::Run() (gtest.cc:5546)
==81259== 
==81259== 30,000 bytes in 2,500 blocks are definitely lost in loss record 7 of 18
==81259==    at 0x4848899: malloc (in /usr/libexec/valgrind/vgpreload_memcheck-amd64-linux.so)
==81259==    by 0x4863DC1: msm_string_set (msm_allocator.cpp:479)
==81259==    by 0x1467BF: MsmConcurrent_StringShrinkGrowNoTornRead_Test::TestBody()::{lambda()#1}::operator()() const (test_concurrent.cpp:188)
==81259==    by 0x14BD65: void std::__invoke_impl<void, MsmConcurrent_StringShrinkGrowNoTornRead_Test::TestBody()::{lambda()#1}>(std::__invoke_other, MsmConcurrent_StringShrinkGrowNoTornRead_Test::TestBody()::{lambda()#1}&&) (invoke.h:61)
==81259==    by 0x14BA67: std::__invoke_result<MsmConcurrent_StringShrinkGrowNoTornRead_Test::TestBody()::{lambda()#1}>::type std::__invoke<MsmConcurrent_StringShrinkGrowNoTornRead_Test::TestBody()::{lambda()#1}>(MsmConcurrent_StringShrinkGrowNoTornRead_Test::TestBody()::{lambda()#1}&&) (invoke.h:96)
==81259==    by 0x14B777: void std::thread::_Invoker<std::tuple<MsmConcurrent_StringShrinkGrowNoTornRead_Test::TestBody()::{lambda()#1}> >::_M_invoke<0ul>(std::_Index_tuple<0ul>) (std_thread.h:259)
==81259==    by 0x14B5DF: std::thread::_Invoker<std::tuple<MsmConcurrent_StringShrinkGrowNoTornRead_Test::TestBody()::{lambda()#1}> >::operator()() (std_thread.h:266)
==81259==    by 0x14B4B7: std::thread::_State_impl<std::thread::_Invoker<std::tuple<MsmConcurrent_StringShrinkGrowNoTornRead_Test::TestBody()::{lambda()#1}> > >::_M_run() (std_thread.h:211)
==81259==    by 0x4954252: ??? (in /usr/lib/x86_64-linux-gnu/libstdc++.so.6.0.30)
==81259==    by 0x4C41AC2: start_thread (pthread_create.c:442)
==81259==    by 0x4CD2A83: clone (clone.S:100)
==81259== 
==81259== 39,192 bytes in 4,899 blocks are possibly lost in loss record 8 of 18
==81259==    at 0x4848899: malloc (in /usr/libexec/valgrind/vgpreload_memcheck-amd64-linux.so)
==81259==    by 0x48644F4: msm_object_set_int32 (msm_allocator.cpp:806)
==81259==    by 0x147165: MsmConcurrent_ObjectAddRemoveNoTornRead_Test::TestBody()::{lambda()#1}::operator()() const (test_concurrent.cpp:266)
==81259==    by 0x14BD1A: void std::__invoke_impl<void, MsmConcurrent_ObjectAddRemoveNoTornRead_Test::TestBody()::{lambda()#1}>(std::__invoke_other, MsmConcurrent_ObjectAddRemoveNoTornRead_Test::TestBody()::{lambda()#1}&&) (invoke.h:61)
==81259==    by 0x14BA14: std::__invoke_result<MsmConcurrent_ObjectAddRemoveNoTornRead_Test::TestBody()::{lambda()#1}>::type std::__invoke<MsmConcurrent_ObjectAddRemoveNoTornRead_Test::TestBody()::{lambda()#1}>(MsmConcurrent_ObjectAddRemoveNoTornRead_Test::TestBody()::{lambda()#1}&&) (invoke.h:96)
==81259==    by 0x14B74B: void std::thread::_Invoker<std::tuple<MsmConcurrent_ObjectAddRemoveNoTornRead_Test::TestBody()::{lambda()#1}> >::_M_invoke<0ul>(std::_Index_tuple<0ul>) (std_thread.h:259)
==81259==    by 0x14B5C3: std::thread::_Invoker<std::tuple<MsmConcurrent_ObjectAddRemoveNoTornRead_Test::TestBody()::{lambda()#1}> >::operator()() (std_thread.h:266)
==81259==    by 0x14B493: std::thread::_State_impl<std::thread::_Invoker<std::tuple<MsmConcurrent_ObjectAddRemoveNoTornRead_Test::TestBody()::{lambda()#1}> > >::_M_run() (std_thread.h:211)
==81259==    by 0x4954252: ??? (in /usr/lib/x86_64-linux-gnu/libstdc++.so.6.0.30)
==81259==    by 0x4C41AC2: start_thread (pthread_create.c:442)
==81259==    by 0x4CD2A83: clone (clone.S:100)
==81259== 
==81259== 51,823 bytes in 8 blocks are possibly lost in loss record 9 of 18
==81259==    at 0x4848899: malloc (in /usr/libexec/valgrind/vgpreload_memcheck-amd64-linux.so)
==81259==    by 0x4863DC1: msm_string_set (msm_allocator.cpp:479)
==81259==    by 0x1461AB: MsmConcurrent_StringGrowNoTornRead_Test::TestBody()::{lambda()#1}::operator()() const (test_concurrent.cpp:107)
==81259==    by 0x14BDB0: void std::__invoke_impl<void, MsmConcurrent_StringGrowNoTornRead_Test::TestBody()::{lambda()#1}>(std::__invoke_other, MsmConcurrent_StringGrowNoTornRead_Test::TestBody()::{lambda()#1}&&) (invoke.h:61)
==81259==    by 0x14BABA: std::__invoke_result<MsmConcurrent_StringGrowNoTornRead_Test::TestBody()::{lambda()#1}>::type std::__invoke<MsmConcurrent_StringGrowNoTornRead_Test::TestBody()::{lambda()#1}>(MsmConcurrent_StringGrowNoTornRead_Test::TestBody()::{lambda()#1}&&) (invoke.h:96)
==81259==    by 0x14B7A3: void std::thread::_Invoker<std::tuple<MsmConcurrent_StringGrowNoTornRead_Test::TestBody()::{lambda()#1}> >::_M_invoke<0ul>(std::_Index_tuple<0ul>) (std_thread.h:259)
==81259==    by 0x14B5FB: std::thread::_Invoker<std::tuple<MsmConcurrent_StringGrowNoTornRead_Test::TestBody()::{lambda()#1}> >::operator()() (std_thread.h:266)
==81259==    by 0x14B4DB: std::thread::_State_impl<std::thread::_Invoker<std::tuple<MsmConcurrent_StringGrowNoTornRead_Test::TestBody()::{lambda()#1}> > >::_M_run() (std_thread.h:211)
==81259==    by 0x4954252: ??? (in /usr/lib/x86_64-linux-gnu/libstdc++.so.6.0.30)
==81259==    by 0x4C41AC2: start_thread (pthread_create.c:442)
==81259==    by 0x4CD2A83: clone (clone.S:100)
==81259== 
==81259== 80,000 bytes in 10,000 blocks are indirectly lost in loss record 10 of 18
==81259==    at 0x4848899: malloc (in /usr/libexec/valgrind/vgpreload_memcheck-amd64-linux.so)
==81259==    by 0x48644F4: msm_object_set_int32 (msm_allocator.cpp:806)
==81259==    by 0x1478DE: MsmConcurrent_ObjectMarkerRemoveNoStaleReads_Test::TestBody()::{lambda()#1}::operator()() const (test_concurrent.cpp:337)
==81259==    by 0x14BCCF: void std::__invoke_impl<void, MsmConcurrent_ObjectMarkerRemoveNoStaleReads_Test::TestBody()::{lambda()#1}>(std::__invoke_other, MsmConcurrent_ObjectMarkerRemoveNoStaleReads_Test::TestBody()::{lambda()#1}&&) (invoke.h:61)
==81259==    by 0x14B9C1: std::__invoke_result<MsmConcurrent_ObjectMarkerRemoveNoStaleReads_Test::TestBody()::{lambda()#1}>::type std::__invoke<MsmConcurrent_ObjectMarkerRemoveNoStaleReads_Test::TestBody()::{lambda()#1}>(MsmConcurrent_ObjectMarkerRemoveNoStaleReads_Test::TestBody()::{lambda()#1}&&) (invoke.h:96)
==81259==    by 0x14B71F: void std::thread::_Invoker<std::tuple<MsmConcurrent_ObjectMarkerRemoveNoStaleReads_Test::TestBody()::{lambda()#1}> >::_M_invoke<0ul>(std::_Index_tuple<0ul>) (std_thread.h:259)
==81259==    by 0x14B5A7: std::thread::_Invoker<std::tuple<MsmConcurrent_ObjectMarkerRemoveNoStaleReads_Test::TestBody()::{lambda()#1}> >::operator()() (std_thread.h:266)
==81259==    by 0x14B46F: std::thread::_State_impl<std::thread::_Invoker<std::tuple<MsmConcurrent_ObjectMarkerRemoveNoStaleReads_Test::TestBody()::{lambda()#1}> > >::_M_run() (std_thread.h:211)
==81259==    by 0x4954252: ??? (in /usr/lib/x86_64-linux-gnu/libstdc++.so.6.0.30)
==81259==    by 0x4C41AC2: start_thread (pthread_create.c:442)
==81259==    by 0x4CD2A83: clone (clone.S:100)
==81259== 
==81259== 262,176 bytes in 12 blocks are definitely lost in loss record 11 of 18
==81259==    at 0x4848899: malloc (in /usr/libexec/valgrind/vgpreload_memcheck-amd64-linux.so)
==81259==    by 0x48639E1: msm_array_reserve (msm_allocator.cpp:306)
==81259==    by 0x4863B57: msm_array_prepare_push (msm_allocator.cpp:341)
==81259==    by 0x145A16: MsmConcurrent_ArrayPushBackNoTornRead_Test::TestBody()::{lambda()#1}::operator()() const (test_concurrent.cpp:40)
==81259==    by 0x14BDFB: void std::__invoke_impl<void, MsmConcurrent_ArrayPushBackNoTornRead_Test::TestBody()::{lambda()#1}>(std::__invoke_other, MsmConcurrent_ArrayPushBackNoTornRead_Test::TestBody()::{lambda()#1}&&) (invoke.h:61)
==81259==    by 0x14BB0D: std::__invoke_result<MsmConcurrent_ArrayPushBackNoTornRead_Test::TestBody()::{lambda()#1}>::type std::__invoke<MsmConcurrent_ArrayPushBackNoTornRead_Test::TestBody()::{lambda()#1}>(MsmConcurrent_ArrayPushBackNoTornRead_Test::TestBody()::{lambda()#1}&&) (invoke.h:96)
==81259==    by 0x14B7CF: void std::thread::_Invoker<std::tuple<MsmConcurrent_ArrayPushBackNoTornRead_Test::TestBody()::{lambda()#1}> >::_M_invoke<0ul>(std::_Index_tuple<0ul>) (std_thread.h:259)
==81259==    by 0x14B617: std::thread::_Invoker<std::tuple<MsmConcurrent_ArrayPushBackNoTornRead_Test::TestBody()::{lambda()#1}> >::operator()() (std_thread.h:266)
==81259==    by 0x14B4FF: std::thread::_State_impl<std::thread::_Invoker<std::tuple<MsmConcurrent_ArrayPushBackNoTornRead_Test::TestBody()::{lambda()#1}> > >::_M_run() (std_thread.h:211)
==81259==    by 0x4954252: ??? (in /usr/lib/x86_64-linux-gnu/libstdc++.so.6.0.30)
==81259==    by 0x4C41AC2: start_thread (pthread_create.c:442)
==81259==    by 0x4CD2A83: clone (clone.S:100)
==81259== 
==81259== 394,024 (393,216 direct, 808 indirect) bytes in 12 blocks are definitely lost in loss record 12 of 18
==81259==    at 0x4848899: malloc (in /usr/libexec/valgrind/vgpreload_memcheck-amd64-linux.so)
==81259==    by 0x4864139: object_add_entry (msm_allocator.cpp:697)
==81259==    by 0x486448E: msm_object_set_int32 (msm_allocator.cpp:798)
==81259==    by 0x147165: MsmConcurrent_ObjectAddRemoveNoTornRead_Test::TestBody()::{lambda()#1}::operator()() const (test_concurrent.cpp:266)
==81259==    by 0x14BD1A: void std::__invoke_impl<void, MsmConcurrent_ObjectAddRemoveNoTornRead_Test::TestBody()::{lambda()#1}>(std::__invoke_other, MsmConcurrent_ObjectAddRemoveNoTornRead_Test::TestBody()::{lambda()#1}&&) (invoke.h:61)
==81259==    by 0x14BA14: std::__invoke_result<MsmConcurrent_ObjectAddRemoveNoTornRead_Test::TestBody()::{lambda()#1}>::type std::__invoke<MsmConcurrent_ObjectAddRemoveNoTornRead_Test::TestBody()::{lambda()#1}>(MsmConcurrent_ObjectAddRemoveNoTornRead_Test::TestBody()::{lambda()#1}&&) (invoke.h:96)
==81259==    by 0x14B74B: void std::thread::_Invoker<std::tuple<MsmConcurrent_ObjectAddRemoveNoTornRead_Test::TestBody()::{lambda()#1}> >::_M_invoke<0ul>(std::_Index_tuple<0ul>) (std_thread.h:259)
==81259==    by 0x14B5C3: std::thread::_Invoker<std::tuple<MsmConcurrent_ObjectAddRemoveNoTornRead_Test::TestBody()::{lambda()#1}> >::operator()() (std_thread.h:266)
==81259==    by 0x14B493: std::thread::_State_impl<std::thread::_Invoker<std::tuple<MsmConcurrent_ObjectAddRemoveNoTornRead_Test::TestBody()::{lambda()#1}> > >::_M_run() (std_thread.h:211)
==81259==    by 0x4954252: ??? (in /usr/lib/x86_64-linux-gnu/libstdc++.so.6.0.30)
==81259==    by 0x4C41AC2: start_thread (pthread_create.c:442)
==81259==    by 0x4CD2A83: clone (clone.S:100)
==81259== 
==81259== 556,368 bytes in 6 blocks are possibly lost in loss record 13 of 18
==81259==    at 0x4848899: malloc (in /usr/libexec/valgrind/vgpreload_memcheck-amd64-linux.so)
==81259==    by 0x4865160: msm_object_remove (msm_allocator.cpp:1094)
==81259==    by 0x1471E2: MsmConcurrent_ObjectAddRemoveNoTornRead_Test::TestBody()::{lambda()#1}::operator()() const (test_concurrent.cpp:272)
==81259==    by 0x14BD1A: void std::__invoke_impl<void, MsmConcurrent_ObjectAddRemoveNoTornRead_Test::TestBody()::{lambda()#1}>(std::__invoke_other, MsmConcurrent_ObjectAddRemoveNoTornRead_Test::TestBody()::{lambda()#1}&&) (invoke.h:61)
==81259==    by 0x14BA14: std::__invoke_result<MsmConcurrent_ObjectAddRemoveNoTornRead_Test::TestBody()::{lambda()#1}>::type std::__invoke<MsmConcurrent_ObjectAddRemoveNoTornRead_Test::TestBody()::{lambda()#1}>(MsmConcurrent_ObjectAddRemoveNoTornRead_Test::TestBody()::{lambda()#1}&&) (invoke.h:96)
==81259==    by 0x14B74B: void std::thread::_Invoker<std::tuple<MsmConcurrent_ObjectAddRemoveNoTornRead_Test::TestBody()::{lambda()#1}> >::_M_invoke<0ul>(std::_Index_tuple<0ul>) (std_thread.h:259)
==81259==    by 0x14B5C3: std::thread::_Invoker<std::tuple<MsmConcurrent_ObjectAddRemoveNoTornRead_Test::TestBody()::{lambda()#1}> >::operator()() (std_thread.h:266)
==81259==    by 0x14B493: std::thread::_State_impl<std::thread::_Invoker<std::tuple<MsmConcurrent_ObjectAddRemoveNoTornRead_Test::TestBody()::{lambda()#1}> > >::_M_run() (std_thread.h:211)
==81259==    by 0x4954252: ??? (in /usr/lib/x86_64-linux-gnu/libstdc++.so.6.0.30)
==81259==    by 0x4C41AC2: start_thread (pthread_create.c:442)
==81259==    by 0x4CD2A83: clone (clone.S:100)
==81259== 
==81259== 800,024 (800,000 direct, 24 indirect) bytes in 10,000 blocks are definitely lost in loss record 14 of 18
==81259==    at 0x4848899: malloc (in /usr/libexec/valgrind/vgpreload_memcheck-amd64-linux.so)
==81259==    by 0x4865160: msm_object_remove (msm_allocator.cpp:1094)
==81259==    by 0x1478FA: MsmConcurrent_ObjectMarkerRemoveNoStaleReads_Test::TestBody()::{lambda()#1}::operator()() const (test_concurrent.cpp:338)
==81259==    by 0x14BCCF: void std::__invoke_impl<void, MsmConcurrent_ObjectMarkerRemoveNoStaleReads_Test::TestBody()::{lambda()#1}>(std::__invoke_other, MsmConcurrent_ObjectMarkerRemoveNoStaleReads_Test::TestBody()::{lambda()#1}&&) (invoke.h:61)
==81259==    by 0x14B9C1: std::__invoke_result<MsmConcurrent_ObjectMarkerRemoveNoStaleReads_Test::TestBody()::{lambda()#1}>::type std::__invoke<MsmConcurrent_ObjectMarkerRemoveNoStaleReads_Test::TestBody()::{lambda()#1}>(MsmConcurrent_ObjectMarkerRemoveNoStaleReads_Test::TestBody()::{lambda()#1}&&) (invoke.h:96)
==81259==    by 0x14B71F: void std::thread::_Invoker<std::tuple<MsmConcurrent_ObjectMarkerRemoveNoStaleReads_Test::TestBody()::{lambda()#1}> >::_M_invoke<0ul>(std::_Index_tuple<0ul>) (std_thread.h:259)
==81259==    by 0x14B5A7: std::thread::_Invoker<std::tuple<MsmConcurrent_ObjectMarkerRemoveNoStaleReads_Test::TestBody()::{lambda()#1}> >::operator()() (std_thread.h:266)
==81259==    by 0x14B46F: std::thread::_State_impl<std::thread::_Invoker<std::tuple<MsmConcurrent_ObjectMarkerRemoveNoStaleReads_Test::TestBody()::{lambda()#1}> > >::_M_run() (std_thread.h:211)
==81259==    by 0x4954252: ??? (in /usr/lib/x86_64-linux-gnu/libstdc++.so.6.0.30)
==81259==    by 0x4C41AC2: start_thread (pthread_create.c:442)
==81259==    by 0x4CD2A83: clone (clone.S:100)
==81259== 
==81259== 1,599,840 (1,519,848 direct, 79,992 indirect) bytes in 9,999 blocks are definitely lost in loss record 15 of 18
==81259==    at 0x4848899: malloc (in /usr/libexec/valgrind/vgpreload_memcheck-amd64-linux.so)
==81259==    by 0x4864139: object_add_entry (msm_allocator.cpp:697)
==81259==    by 0x486448E: msm_object_set_int32 (msm_allocator.cpp:798)
==81259==    by 0x1478DE: MsmConcurrent_ObjectMarkerRemoveNoStaleReads_Test::TestBody()::{lambda()#1}::operator()() const (test_concurrent.cpp:337)
==81259==    by 0x14BCCF: void std::__invoke_impl<void, MsmConcurrent_ObjectMarkerRemoveNoStaleReads_Test::TestBody()::{lambda()#1}>(std::__invoke_other, MsmConcurrent_ObjectMarkerRemoveNoStaleReads_Test::TestBody()::{lambda()#1}&&) (invoke.h:61)
==81259==    by 0x14B9C1: std::__invoke_result<MsmConcurrent_ObjectMarkerRemoveNoStaleReads_Test::TestBody()::{lambda()#1}>::type std::__invoke<MsmConcurrent_ObjectMarkerRemoveNoStaleReads_Test::TestBody()::{lambda()#1}>(MsmConcurrent_ObjectMarkerRemoveNoStaleReads_Test::TestBody()::{lambda()#1}&&) (invoke.h:96)
==81259==    by 0x14B71F: void std::thread::_Invoker<std::tuple<MsmConcurrent_ObjectMarkerRemoveNoStaleReads_Test::TestBody()::{lambda()#1}> >::_M_invoke<0ul>(std::_Index_tuple<0ul>) (std_thread.h:259)
==81259==    by 0x14B5A7: std::thread::_Invoker<std::tuple<MsmConcurrent_ObjectMarkerRemoveNoStaleReads_Test::TestBody()::{lambda()#1}> >::operator()() (std_thread.h:266)
==81259==    by 0x14B46F: std::thread::_State_impl<std::thread::_Invoker<std::tuple<MsmConcurrent_ObjectMarkerRemoveNoStaleReads_Test::TestBody()::{lambda()#1}> > >::_M_run() (std_thread.h:211)
==81259==    by 0x4954252: ??? (in /usr/lib/x86_64-linux-gnu/libstdc++.so.6.0.30)
==81259==    by 0x4C41AC2: start_thread (pthread_create.c:442)
==81259==    by 0x4CD2A83: clone (clone.S:100)
==81259== 
==81259== 2,522,500 bytes in 2,500 blocks are definitely lost in loss record 16 of 18
==81259==    at 0x4848899: malloc (in /usr/libexec/valgrind/vgpreload_memcheck-amd64-linux.so)
==81259==    by 0x4863DC1: msm_string_set (msm_allocator.cpp:479)
==81259==    by 0x14682B: MsmConcurrent_StringShrinkGrowNoTornRead_Test::TestBody()::{lambda()#1}::operator()() const (test_concurrent.cpp:193)
==81259==    by 0x14BD65: void std::__invoke_impl<void, MsmConcurrent_StringShrinkGrowNoTornRead_Test::TestBody()::{lambda()#1}>(std::__invoke_other, MsmConcurrent_StringShrinkGrowNoTornRead_Test::TestBody()::{lambda()#1}&&) (invoke.h:61)
==81259==    by 0x14BA67: std::__invoke_result<MsmConcurrent_StringShrinkGrowNoTornRead_Test::TestBody()::{lambda()#1}>::type std::__invoke<MsmConcurrent_StringShrinkGrowNoTornRead_Test::TestBody()::{lambda()#1}>(MsmConcurrent_StringShrinkGrowNoTornRead_Test::TestBody()::{lambda()#1}&&) (invoke.h:96)
==81259==    by 0x14B777: void std::thread::_Invoker<std::tuple<MsmConcurrent_StringShrinkGrowNoTornRead_Test::TestBody()::{lambda()#1}> >::_M_invoke<0ul>(std::_Index_tuple<0ul>) (std_thread.h:259)
==81259==    by 0x14B5DF: std::thread::_Invoker<std::tuple<MsmConcurrent_StringShrinkGrowNoTornRead_Test::TestBody()::{lambda()#1}> >::operator()() (std_thread.h:266)
==81259==    by 0x14B4B7: std::thread::_State_impl<std::thread::_Invoker<std::tuple<MsmConcurrent_StringShrinkGrowNoTornRead_Test::TestBody()::{lambda()#1}> > >::_M_run() (std_thread.h:211)
==81259==    by 0x4954252: ??? (in /usr/lib/x86_64-linux-gnu/libstdc++.so.6.0.30)
==81259==    by 0x4C41AC2: start_thread (pthread_create.c:442)
==81259==    by 0x4CD2A83: clone (clone.S:100)
==81259== 
==81259== 50,043,177 bytes in 9,992 blocks are definitely lost in loss record 17 of 18
==81259==    at 0x4848899: malloc (in /usr/libexec/valgrind/vgpreload_memcheck-amd64-linux.so)
==81259==    by 0x4863DC1: msm_string_set (msm_allocator.cpp:479)
==81259==    by 0x1461AB: MsmConcurrent_StringGrowNoTornRead_Test::TestBody()::{lambda()#1}::operator()() const (test_concurrent.cpp:107)
==81259==    by 0x14BDB0: void std::__invoke_impl<void, MsmConcurrent_StringGrowNoTornRead_Test::TestBody()::{lambda()#1}>(std::__invoke_other, MsmConcurrent_StringGrowNoTornRead_Test::TestBody()::{lambda()#1}&&) (invoke.h:61)
==81259==    by 0x14BABA: std::__invoke_result<MsmConcurrent_StringGrowNoTornRead_Test::TestBody()::{lambda()#1}>::type std::__invoke<MsmConcurrent_StringGrowNoTornRead_Test::TestBody()::{lambda()#1}>(MsmConcurrent_StringGrowNoTornRead_Test::TestBody()::{lambda()#1}&&) (invoke.h:96)
==81259==    by 0x14B7A3: void std::thread::_Invoker<std::tuple<MsmConcurrent_StringGrowNoTornRead_Test::TestBody()::{lambda()#1}> >::_M_invoke<0ul>(std::_Index_tuple<0ul>) (std_thread.h:259)
==81259==    by 0x14B5FB: std::thread::_Invoker<std::tuple<MsmConcurrent_StringGrowNoTornRead_Test::TestBody()::{lambda()#1}> >::operator()() (std_thread.h:266)
==81259==    by 0x14B4DB: std::thread::_State_impl<std::thread::_Invoker<std::tuple<MsmConcurrent_StringGrowNoTornRead_Test::TestBody()::{lambda()#1}> > >::_M_run() (std_thread.h:211)
==81259==    by 0x4954252: ??? (in /usr/lib/x86_64-linux-gnu/libstdc++.so.6.0.30)
==81259==    by 0x4C41AC2: start_thread (pthread_create.c:442)
==81259==    by 0x4CD2A83: clone (clone.S:100)
==81259== 
==81259== 224,433,632 bytes in 2,494 blocks are definitely lost in loss record 18 of 18
==81259==    at 0x4848899: malloc (in /usr/libexec/valgrind/vgpreload_memcheck-amd64-linux.so)
==81259==    by 0x4865160: msm_object_remove (msm_allocator.cpp:1094)
==81259==    by 0x1471E2: MsmConcurrent_ObjectAddRemoveNoTornRead_Test::TestBody()::{lambda()#1}::operator()() const (test_concurrent.cpp:272)
==81259==    by 0x14BD1A: void std::__invoke_impl<void, MsmConcurrent_ObjectAddRemoveNoTornRead_Test::TestBody()::{lambda()#1}>(std::__invoke_other, MsmConcurrent_ObjectAddRemoveNoTornRead_Test::TestBody()::{lambda()#1}&&) (invoke.h:61)
==81259==    by 0x14BA14: std::__invoke_result<MsmConcurrent_ObjectAddRemoveNoTornRead_Test::TestBody()::{lambda()#1}>::type std::__invoke<MsmConcurrent_ObjectAddRemoveNoTornRead_Test::TestBody()::{lambda()#1}>(MsmConcurrent_ObjectAddRemoveNoTornRead_Test::TestBody()::{lambda()#1}&&) (invoke.h:96)
==81259==    by 0x14B74B: void std::thread::_Invoker<std::tuple<MsmConcurrent_ObjectAddRemoveNoTornRead_Test::TestBody()::{lambda()#1}> >::_M_invoke<0ul>(std::_Index_tuple<0ul>) (std_thread.h:259)
==81259==    by 0x14B5C3: std::thread::_Invoker<std::tuple<MsmConcurrent_ObjectAddRemoveNoTornRead_Test::TestBody()::{lambda()#1}> >::operator()() (std_thread.h:266)
==81259==    by 0x14B493: std::thread::_State_impl<std::thread::_Invoker<std::tuple<MsmConcurrent_ObjectAddRemoveNoTornRead_Test::TestBody()::{lambda()#1}> > >::_M_run() (std_thread.h:211)
==81259==    by 0x4954252: ??? (in /usr/lib/x86_64-linux-gnu/libstdc++.so.6.0.30)
==81259==    by 0x4C41AC2: start_thread (pthread_create.c:442)
==81259==    by 0x4CD2A83: clone (clone.S:100)
==81259== 
==81259== LEAK SUMMARY:
==81259==    definitely lost: 280,005,662 bytes in 37,511 blocks
==81259==    indirectly lost: 80,832 bytes in 10,104 blocks
==81259==      possibly lost: 647,383 bytes in 4,913 blocks
==81259==    still reachable: 0 bytes in 0 blocks
==81259==         suppressed: 0 bytes in 0 blocks
==81259== 
==81259== For lists of detected and suppressed errors, rerun with: -s
==81259== ERROR SUMMARY: 13 errors from 13 contexts (suppressed: 0 from 0)
